AR receiver box /home/audrey/cpu_ex/core1_1/receiver.vhd sub00/vhpl03 1351654246
EN sram_controller NULL /home/audrey/cpu_ex/core1_1/sram_controller.vhd sub00/vhpl22 1351654265
AR alu unit /home/audrey/cpu_ex/core1_1/alu.vhd sub00/vhpl19 1351654262
AR sram_controller box /home/audrey/cpu_ex/core1_1/sram_controller.vhd sub00/vhpl23 1351654266
AR int_register box /home/audrey/cpu_ex/core1_1/int_register.vhd sub00/vhpl15 1351654258
AR sender box /home/audrey/cpu_ex/core1_1/sender.vhd sub00/vhpl01 1351654244
EN io_controller NULL /home/audrey/cpu_ex/core1_1/io_controller.vhd sub00/vhpl24 1351654267
AR decoder unit /home/audrey/cpu_ex/core1_1/decoder.vhd sub00/vhpl13 1351654256
AR inst_mem_fixed box /home/audrey/cpu_ex/core1_1/inst_mem_fixed.vhd sub00/vhpl11 1351654254
AR input_controller box /home/audrey/cpu_ex/core1_1/input_controller.vhd sub00/vhpl05 1351654248
EN int_register NULL /home/audrey/cpu_ex/core1_1/int_register.vhd sub00/vhpl14 1351654257
EN fp_register NULL /home/audrey/cpu_ex/core1_1/fp_register.vhd sub00/vhpl16 1351654259
AR io_controller box /home/audrey/cpu_ex/core1_1/io_controller.vhd sub00/vhpl25 1351654268
EN shifter NULL /home/audrey/cpu_ex/core1_1/shifter.vhd sub00/vhpl08 1351654251
EN sender NULL /home/audrey/cpu_ex/core1_1/sender.vhd sub00/vhpl00 1351654243
AR shifter unit /home/audrey/cpu_ex/core1_1/shifter.vhd sub00/vhpl09 1351654252
EN input_controller NULL /home/audrey/cpu_ex/core1_1/input_controller.vhd sub00/vhpl04 1351654247
EN inst_mem_fixed NULL /home/audrey/cpu_ex/core1_1/inst_mem_fixed.vhd sub00/vhpl10 1351654253
AR output_controller box /home/audrey/cpu_ex/core1_1/output_controller.vhd sub00/vhpl07 1351654250
EN fpu NULL /home/audrey/cpu_ex/core1_1/fpu.vhd sub00/vhpl20 1351654263
EN receiver NULL /home/audrey/cpu_ex/core1_1/receiver.vhd sub00/vhpl02 1351654245
EN decoder NULL /home/audrey/cpu_ex/core1_1/decoder.vhd sub00/vhpl12 1351654255
EN output_controller NULL /home/audrey/cpu_ex/core1_1/output_controller.vhd sub00/vhpl06 1351654249
AR fp_register box /home/audrey/cpu_ex/core1_1/fp_register.vhd sub00/vhpl17 1351654260
AR fpu unit /home/audrey/cpu_ex/core1_1/fpu.vhd sub00/vhpl21 1351654264
EN alu NULL /home/audrey/cpu_ex/core1_1/alu.vhd sub00/vhpl18 1351654261
EN core NULL /home/audrey/cpu_ex/core1_1/core.vhd sub00/vhpl26 1351654269
AR core ver1_1 /home/audrey/cpu_ex/core1_1/core.vhd sub00/vhpl27 1351654270
